[13:47:06] SMILES Parse Error: syntax error while parsing: *O[Si](*)([R])[R]
[13:47:06] SMILES Parse Error: Failed parsing SMILES '*O[Si](*)([R])[R]' for input: '*O[Si](*)([R])[R]'
[13:47:06] SMILES Parse Error: syntax error while parsing: *NC(=O)c4ccc3c(=O)n(c2ccc([R]c1ccc(*)cc1)cc2)c(=O)c3c4
[13:47:06] SMILES Parse Error: Failed parsing SMILES '*NC(=O)c4ccc3c(=O)n(c2ccc([R]c1ccc(*)cc1)cc2)c(=O)c3c4' for input: '*NC(=O)c4ccc3c(=O)n(c2ccc([R]c1ccc(*)cc1)cc2)c(=O)c3c4'
[13:47:06] SMILES Parse Error: syntax error while parsing: O=C=N[R1]N=C=O.O[R2]O.O[R3]O
[13:47:06] SMILES Parse Error: Failed parsing SMILES 'O=C=N[R1]N=C=O.O[R2]O.O[R3]O' for input: 'O=C=N[R1]N=C=O.O[R2]O.O[R3]O'
[13:47:06] SMILES Parse Error: syntax error while parsing: *CN([R'])Cc2cc([R]c1cc(*)c(O)c(CN([R'])C*)c1)cc(*)c2O
[13:47:06] SMILES Parse Error: Failed parsing SMILES '*CN([R'])Cc2cc([R]c1cc(*)c(O)c(CN([R'])C*)c1)cc(*)c2O' for input: '*CN([R'])Cc2cc([R]c1cc(*)c(O)c(CN([R'])C*)c1)cc(*)c2O'
[13:47:06] SMILES Parse Error: syntax error while parsing: *C(F)(F)CC(F)([R])C(*)(F)F
[13:47:06] SMILES Parse Error: Failed parsing SMILES '*C(F)(F)CC(F)([R])C(*)(F)F' for input: '*C(F)(F)CC(F)([R])C(*)(F)F'
[13:47:06] SMILES Parse Error: syntax error while parsing: *OC2OC(CO[R])C(OC1OC(CO[R])C(*)C(O[R])C1O[R])C(O[R])C2O[R]
[13:47:06] SMILES Parse Error: Failed parsing SMILES '*OC2OC(CO[R])C(OC1OC(CO[R])C(*)C(O[R])C1O[R])C(O[R])C2O[R]' for input: '*OC2OC(CO[R])C(OC1OC(CO[R])C(*)C(O[R])C1O[R])C(O[R])C2O[R]'
[13:47:15] SMILES Parse Error: syntax error while parsing: *O[Si](*)([R])[R]
[13:47:15] SMILES Parse Error: Failed parsing SMILES '*O[Si](*)([R])[R]' for input: '*O[Si](*)([R])[R]'
[13:47:15] SMILES Parse Error: syntax error while parsing: *NC(=O)c4ccc3c(=O)n(c2ccc([R]c1ccc(*)cc1)cc2)c(=O)c3c4
[13:47:15] SMILES Parse Error: Failed parsing SMILES '*NC(=O)c4ccc3c(=O)n(c2ccc([R]c1ccc(*)cc1)cc2)c(=O)c3c4' for input: '*NC(=O)c4ccc3c(=O)n(c2ccc([R]c1ccc(*)cc1)cc2)c(=O)c3c4'
[13:47:15] SMILES Parse Error: syntax error while parsing: O=C=N[R1]N=C=O.O[R2]O.O[R3]O
[13:47:15] SMILES Parse Error: Failed parsing SMILES 'O=C=N[R1]N=C=O.O[R2]O.O[R3]O' for input: 'O=C=N[R1]N=C=O.O[R2]O.O[R3]O'
[13:47:15] SMILES Parse Error: syntax error while parsing: *CN([R'])Cc2cc([R]c1cc(*)c(O)c(CN([R'])C*)c1)cc(*)c2O
[13:47:15] SMILES Parse Error: Failed parsing SMILES '*CN([R'])Cc2cc([R]c1cc(*)c(O)c(CN([R'])C*)c1)cc(*)c2O' for input: '*CN([R'])Cc2cc([R]c1cc(*)c(O)c(CN([R'])C*)c1)cc(*)c2O'
[13:47:15] SMILES Parse Error: syntax error while parsing: *C(F)(F)CC(F)([R])C(*)(F)F
[13:47:15] SMILES Parse Error: Failed parsing SMILES '*C(F)(F)CC(F)([R])C(*)(F)F' for input: '*C(F)(F)CC(F)([R])C(*)(F)F'
[13:47:15] SMILES Parse Error: syntax error while parsing: *OC2OC(CO[R])C(OC1OC(CO[R])C(*)C(O[R])C1O[R])C(O[R])C2O[R]
[13:47:15] SMILES Parse Error: Failed parsing SMILES '*OC2OC(CO[R])C(OC1OC(CO[R])C(*)C(O[R])C1O[R])C(O[R])C2O[R]' for input: '*OC2OC(CO[R])C(OC1OC(CO[R])C(*)C(O[R])C1O[R])C(O[R])C2O[R]'
[I 2025-07-31 13:47:21,009] Using an existing study with name 'stage1_nodeedge_ssl' instead of creating a new one.
👉 加载主训练数据
  原始训练样本数: 7973
  → 正在增强 Tc 数据，共 874 条
cross_smiles: 737
    填充已有样本 0 条，新增样本 129 条
  → 正在增强 Tg 数据，共 662 条
cross_smiles: 526
    填充已有样本 15 条，新增样本 136 条
  → 正在增强 Tg 数据，共 501 条
cross_smiles: 0
    填充已有样本 0 条，新增样本 499 条
  → 正在增强 Density 数据，共 787 条
cross_smiles: 254
    填充已有样本 110 条，新增样本 525 条
  → 正在增强 FFV 数据，共 862 条
cross_smiles: 43
    填充已有样本 43 条，新增样本 819 条
add dataset4: 10081
👉 划分 train / validation / test
  划分结果: train=8064, val=1008, test=1009
📦 构建 PolymerDataset，样本数=8064
   成功转换为图数据: 8064 条
👉 加载主训练数据
  原始训练样本数: 7973
  → 正在增强 Tc 数据，共 874 条
cross_smiles: 737
    填充已有样本 0 条，新增样本 129 条
  → 正在增强 Tg 数据，共 662 条
cross_smiles: 526
    填充已有样本 15 条，新增样本 136 条
  → 正在增强 Tg 数据，共 501 条
cross_smiles: 0
    填充已有样本 0 条，新增样本 499 条
  → 正在增强 Density 数据，共 787 条
cross_smiles: 254
    填充已有样本 110 条，新增样本 525 条
  → 正在增强 FFV 数据，共 862 条
cross_smiles: 43
    填充已有样本 43 条，新增样本 819 条
add dataset4: 10081
👉 划分 train / validation / test
  划分结果: train=8064, val=1008, test=1009
📦 构建 PolymerDataset，样本数=8064
   成功转换为图数据: 8064 条
Traceback (most recent call last):
  File "/root/kaggle-NeruIPS/train_stage1.py", line 42, in <module>
    study1.optimize(objective_stage1, show_progress_bar=True, n_trials=20)
                    ^^^^^^^^^^^^^^^^
NameError: name 'objective_stage1' is not defined
