2025-07-29 17:54:01,728 - ERROR - 训练错误: Input contains NaN.
Traceback (most recent call last):
  File "/Users/yangruiming/Desktop/neurips-opp/quick_training_pipeline.py", line 567, in main
    model, metrics, losses = trainer.train(pretrain_model)
                             ~~~~~~~~~~~~~^^^^^^^^^^^^^^^^
  File "/Users/yangruiming/Desktop/neurips-opp/quick_training_pipeline.py", line 312, in train
    mse = mean_squared_error(val_targets_original, val_predictions_original)
  File "/opt/anaconda3/lib/python3.13/site-packages/sklearn/utils/_param_validation.py", line 216, in wrapper
    return func(*args, **kwargs)
  File "/opt/anaconda3/lib/python3.13/site-packages/sklearn/metrics/_regression.py", line 565, in mean_squared_error
    _check_reg_targets_with_floating_dtype(
    ~~~~~~~~~~~~~~~~~~~~~~~~~~~~~~~~~~~~~~^
        y_true, y_pred, sample_weight, multioutput, xp=xp
        ^^^^^^^^^^^^^^^^^^^^^^^^^^^^^^^^^^^^^^^^^^^^^^^^^
    )
    ^
  File "/opt/anaconda3/lib/python3.13/site-packages/sklearn/metrics/_regression.py", line 198, in _check_reg_targets_with_floating_dtype
    y_type, y_true, y_pred, multioutput = _check_reg_targets(
                                          ~~~~~~~~~~~~~~~~~~^
        y_true, y_pred, multioutput, dtype=dtype_name, xp=xp
        ^^^^^^^^^^^^^^^^^^^^^^^^^^^^^^^^^^^^^^^^^^^^^^^^^^^^
    )
    ^
  File "/opt/anaconda3/lib/python3.13/site-packages/sklearn/metrics/_regression.py", line 106, in _check_reg_targets
    y_pred = check_array(y_pred, ensure_2d=False, dtype=dtype)
  File "/opt/anaconda3/lib/python3.13/site-packages/sklearn/utils/validation.py", line 1107, in check_array
    _assert_all_finite(
    ~~~~~~~~~~~~~~~~~~^
        array,
        ^^^^^^
    ...<2 lines>...
        allow_nan=ensure_all_finite == "allow-nan",
        ^^^^^^^^^^^^^^^^^^^^^^^^^^^^^^^^^^^^^^^^^^^
    )
    ^
  File "/opt/anaconda3/lib/python3.13/site-packages/sklearn/utils/validation.py", line 120, in _assert_all_finite
    _assert_all_finite_element_wise(
    ~~~~~~~~~~~~~~~~~~~~~~~~~~~~~~~^
        X,
        ^^
    ...<4 lines>...
        input_name=input_name,
        ^^^^^^^^^^^^^^^^^^^^^^
    )
    ^
  File "/opt/anaconda3/lib/python3.13/site-packages/sklearn/utils/validation.py", line 169, in _assert_all_finite_element_wise
    raise ValueError(msg_err)
ValueError: Input contains NaN.
2025-07-29 17:55:04,754 - ERROR - 训练错误: Weights only load failed. This file can still be loaded, to do so you have two options, [1mdo those steps only if you trust the source of the checkpoint[0m. 
	(1) In PyTorch 2.6, we changed the default value of the `weights_only` argument in `torch.load` from `False` to `True`. Re-running `torch.load` with `weights_only` set to `False` will likely succeed, but it can result in arbitrary code execution. Do it only if you got the file from a trusted source.
	(2) Alternatively, to load with `weights_only=True` please check the recommended steps in the following error message.
	WeightsUnpickler error: Unsupported global: GLOBAL sklearn.preprocessing._data.StandardScaler was not an allowed global by default. Please use `torch.serialization.add_safe_globals([sklearn.preprocessing._data.StandardScaler])` or the `torch.serialization.safe_globals([sklearn.preprocessing._data.StandardScaler])` context manager to allowlist this global if you trust this class/function.

Check the documentation of torch.load to learn more about types accepted by default with weights_only https://pytorch.org/docs/stable/generated/torch.load.html.
Traceback (most recent call last):
  File "/Users/yangruiming/Desktop/neurips-opp/quick_training_pipeline.py", line 618, in main
    submission = predictor.predict_test_data()
  File "/Users/yangruiming/Desktop/neurips-opp/quick_training_pipeline.py", line 423, in predict_test_data
    models, scalers = self.load_models()
                      ~~~~~~~~~~~~~~~~^^
  File "/Users/yangruiming/Desktop/neurips-opp/quick_training_pipeline.py", line 389, in load_models
    checkpoint = torch.load(model_path, map_location=self.device)
  File "/opt/anaconda3/lib/python3.13/site-packages/torch/serialization.py", line 1524, in load
    raise pickle.UnpicklingError(_get_wo_message(str(e))) from None
_pickle.UnpicklingError: Weights only load failed. This file can still be loaded, to do so you have two options, [1mdo those steps only if you trust the source of the checkpoint[0m. 
	(1) In PyTorch 2.6, we changed the default value of the `weights_only` argument in `torch.load` from `False` to `True`. Re-running `torch.load` with `weights_only` set to `False` will likely succeed, but it can result in arbitrary code execution. Do it only if you got the file from a trusted source.
	(2) Alternatively, to load with `weights_only=True` please check the recommended steps in the following error message.
	WeightsUnpickler error: Unsupported global: GLOBAL sklearn.preprocessing._data.StandardScaler was not an allowed global by default. Please use `torch.serialization.add_safe_globals([sklearn.preprocessing._data.StandardScaler])` or the `torch.serialization.safe_globals([sklearn.preprocessing._data.StandardScaler])` context manager to allowlist this global if you trust this class/function.

Check the documentation of torch.load to learn more about types accepted by default with weights_only https://pytorch.org/docs/stable/generated/torch.load.html.
2025-07-29 17:55:22,460 - ERROR - 训练错误: Error(s) in loading state_dict for Sequential:
	Missing key(s) in state_dict: "0.weight", "0.bias", "3.weight", "3.bias", "6.weight", "6.bias". 
	Unexpected key(s) in state_dict: "0.0.weight", "0.0.bias", "1.weight", "1.bias", "4.weight", "4.bias". 
Traceback (most recent call last):
  File "/Users/yangruiming/Desktop/neurips-opp/quick_training_pipeline.py", line 618, in main
    submission = predictor.predict_test_data()
  File "/Users/yangruiming/Desktop/neurips-opp/quick_training_pipeline.py", line 423, in predict_test_data
    models, scalers = self.load_models()
                      ~~~~~~~~~~~~~~~~^^
  File "/Users/yangruiming/Desktop/neurips-opp/quick_training_pipeline.py", line 403, in load_models
    model.load_state_dict(checkpoint['model_state_dict'])
    ~~~~~~~~~~~~~~~~~~~~~^^^^^^^^^^^^^^^^^^^^^^^^^^^^^^^^
  File "/opt/anaconda3/lib/python3.13/site-packages/torch/nn/modules/module.py", line 2593, in load_state_dict
    raise RuntimeError(
    ...<3 lines>...
    )
RuntimeError: Error(s) in loading state_dict for Sequential:
	Missing key(s) in state_dict: "0.weight", "0.bias", "3.weight", "3.bias", "6.weight", "6.bias". 
	Unexpected key(s) in state_dict: "0.0.weight", "0.0.bias", "1.weight", "1.bias", "4.weight", "4.bias". 
